
2025-07-19 16:46:31
[ERROR]-[Thread: XNIO-1 task-1]-[com.jfinal.core.ActionHandler.handle()]: com.xlerp.api.PlManagement.Controller.PlpaichanjihuaController.getbeiliaojihuapage() : /plpaichanjihua/getbeiliaojihuapage?gdItemId=7
com.jfinal.plugin.activerecord.ActiveRecordException: dm.jdbc.driver.DMException: 第 1 行, 第 439 列[WHERE]附近出现错误: 
语法分析出错
	at com.jfinal.plugin.activerecord.Model.doPaginate(Model.java:511)
	at com.jfinal.plugin.activerecord.Model.paginate(Model.java:480)
	at com.xlerp.api.PlManagement.Service.PlpaichanjihuaService.beiliaojihuapaginate(PlpaichanjihuaService.java:86)
	at com.xlerp.api.PlManagement.Controller.PlpaichanjihuaController.getbeiliaojihuapage(PlpaichanjihuaController.java:179)
	at java.base/jdk.internal.reflect.NativeMethodAccessorImpl.invoke0(Native Method)
	at java.base/jdk.internal.reflect.NativeMethodAccessorImpl.invoke(NativeMethodAccessorImpl.java:77)
	at java.base/jdk.internal.reflect.DelegatingMethodAccessorImpl.invoke(DelegatingMethodAccessorImpl.java:43)
	at java.base/java.lang.reflect.Method.invoke(Method.java:568)
	at com.jfinal.aop.Invocation.invoke(Invocation.java:97)
	at com.xlerp.api.Common.HttpMethodInterceptor.intercept(HttpMethodInterceptor.java:36)
	at com.jfinal.aop.Invocation.invoke(Invocation.java:91)
	at com.xlerp.common.DemoConfig$CorsInterceptor.intercept(DemoConfig.java:171)
	at com.jfinal.aop.Invocation.invoke(Invocation.java:91)
	at com.jfinal.core.ActionHandler.handle(ActionHandler.java:88)
	at com.jfinal.core.JFinalFilter.doFilter(JFinalFilter.java:90)
	at io.undertow.servlet.core.ManagedFilter.doFilter(ManagedFilter.java:61)
	at io.undertow.servlet.handlers.FilterHandler$FilterChainImpl.doFilter(FilterHandler.java:131)
	at io.undertow.servlet.handlers.FilterHandler.handleRequest(FilterHandler.java:84)
	at io.undertow.servlet.handlers.security.ServletSecurityRoleHandler.handleRequest(ServletSecurityRoleHandler.java:62)
	at io.undertow.servlet.handlers.ServletChain$1.handleRequest(ServletChain.java:68)
	at io.undertow.servlet.handlers.ServletDispatchingHandler.handleRequest(ServletDispatchingHandler.java:36)
	at io.undertow.servlet.handlers.RedirectDirHandler.handleRequest(RedirectDirHandler.java:68)
	at io.undertow.servlet.handlers.security.SSLInformationAssociationHandler.handleRequest(SSLInformationAssociationHandler.java:117)
	at io.undertow.servlet.handlers.security.ServletAuthenticationCallHandler.handleRequest(ServletAuthenticationCallHandler.java:57)
	at io.undertow.server.handlers.PredicateHandler.handleRequest(PredicateHandler.java:43)
	at io.undertow.security.handlers.AbstractConfidentialityHandler.handleRequest(AbstractConfidentialityHandler.java:46)
	at io.undertow.servlet.handlers.security.ServletConfidentialityConstraintHandler.handleRequest(ServletConfidentialityConstraintHandler.java:64)
	at io.undertow.security.handlers.AuthenticationMechanismsHandler.handleRequest(AuthenticationMechanismsHandler.java:60)
	at io.undertow.servlet.handlers.security.CachedAuthenticatedSessionHandler.handleRequest(CachedAuthenticatedSessionHandler.java:77)
	at io.undertow.security.handlers.AbstractSecurityContextAssociationHandler.handleRequest(AbstractSecurityContextAssociationHandler.java:43)
	at io.undertow.server.handlers.PredicateHandler.handleRequest(PredicateHandler.java:43)
	at io.undertow.servlet.handlers.SendErrorPageHandler.handleRequest(SendErrorPageHandler.java:52)
	at io.undertow.server.handlers.PredicateHandler.handleRequest(PredicateHandler.java:43)
	at io.undertow.servlet.handlers.SessionRestoringHandler.handleRequest(SessionRestoringHandler.java:119)
	at io.undertow.servlet.handlers.ServletInitialHandler.handleFirstRequest(ServletInitialHandler.java:275)
	at io.undertow.servlet.handlers.ServletInitialHandler.access$100(ServletInitialHandler.java:79)
	at io.undertow.servlet.handlers.ServletInitialHandler$2.call(ServletInitialHandler.java:134)
	at io.undertow.servlet.handlers.ServletInitialHandler$2.call(ServletInitialHandler.java:131)
	at io.undertow.servlet.core.ServletRequestContextThreadSetupAction$1.call(ServletRequestContextThreadSetupAction.java:48)
	at io.undertow.servlet.core.ContextClassLoaderSetupAction$1.call(ContextClassLoaderSetupAction.java:43)
	at io.undertow.servlet.handlers.ServletInitialHandler.dispatchRequest(ServletInitialHandler.java:255)
	at io.undertow.servlet.handlers.ServletInitialHandler.access$000(ServletInitialHandler.java:79)
	at io.undertow.servlet.handlers.ServletInitialHandler$1.handleRequest(ServletInitialHandler.java:100)
	at io.undertow.server.Connectors.executeRootHandler(Connectors.java:387)
	at io.undertow.server.HttpServerExchange$1.run(HttpServerExchange.java:852)
	at org.jboss.threads.ContextClassLoaderSavingRunnable.run(ContextClassLoaderSavingRunnable.java:35)
	at org.jboss.threads.EnhancedQueueExecutor.safeRun(EnhancedQueueExecutor.java:2019)
	at org.jboss.threads.EnhancedQueueExecutor$ThreadBody.doRunTask(EnhancedQueueExecutor.java:1558)
	at org.jboss.threads.EnhancedQueueExecutor$ThreadBody.run(EnhancedQueueExecutor.java:1449)
	at org.xnio.XnioWorker$WorkerThreadFactory$1$1.run(XnioWorker.java:1280)
	at java.base/java.lang.Thread.run(Thread.java:833)
Caused by: dm.jdbc.driver.DMException: 第 1 行, 第 439 列[WHERE]附近出现错误: 
语法分析出错
	at dm.jdbc.driver.DBError.throwException(SourceFile:744)
	at dm.jdbc.a.a.y.r(SourceFile:623)
	at dm.jdbc.a.a.f.r(SourceFile:138)
	at dm.jdbc.a.a.y.z(SourceFile:555)
	at dm.jdbc.a.a.y.L(SourceFile:536)
	at dm.jdbc.a.a.a(SourceFile:267)
	at dm.jdbc.a.a.a(SourceFile:791)
	at dm.jdbc.driver.DmdbPreparedStatement.prepareSql(SourceFile:321)
	at dm.jdbc.driver.DmdbPreparedStatement.allocateHandle(SourceFile:246)
	at dm.jdbc.driver.DmdbPreparedStatement.<init>(SourceFile:148)
	at dm.jdbc.driver.DmdbPreparedStatement.<init>(SourceFile:198)
	at dm.jdbc.driver.DmdbConnection.do_prepareStatement(SourceFile:797)
	at dm.jdbc.driver.DmdbConnection.do_prepareStatement(SourceFile:783)
	at dm.jdbc.driver.DmdbConnection.prepareStatement(SourceFile:1426)
	at com.alibaba.druid.filter.FilterChainImpl.connection_prepareStatement(FilterChainImpl.java:451)
	at com.alibaba.druid.filter.FilterAdapter.connection_prepareStatement(FilterAdapter.java:928)
	at com.alibaba.druid.filter.FilterChainImpl.connection_prepareStatement(FilterChainImpl.java:448)
	at com.alibaba.druid.proxy.jdbc.ConnectionProxyImpl.prepareStatement(ConnectionProxyImpl.java:342)
	at com.alibaba.druid.pool.DruidPooledConnection.prepareStatement(DruidPooledConnection.java:346)
	at com.jfinal.plugin.activerecord.DbPro.query(DbPro.java:72)
	at com.jfinal.plugin.activerecord.Db.query(Db.java:75)
	at com.jfinal.plugin.activerecord.CPI.query(CPI.java:68)
	at com.jfinal.plugin.activerecord.dialect.AnsiSqlDialect.takeOverModelPaginate(AnsiSqlDialect.java:308)
	at com.jfinal.plugin.activerecord.Model.doPaginateByFullSql(Model.java:522)
	at com.jfinal.plugin.activerecord.Model.doPaginate(Model.java:509)
	... 50 more

2025-07-19 16:48:56
[ERROR]-[Thread: XNIO-1 task-1]-[com.jfinal.core.ActionHandler.handle()]: com.xlerp.api.PlManagement.Controller.PlpaichanjihuaController.getbeiliaojihuapage() : /plpaichanjihua/getbeiliaojihuapage?gdItemId=7
com.jfinal.plugin.activerecord.ActiveRecordException: dm.jdbc.driver.DMException: 第 1 行, 第 444 列[1]附近出现错误: 
语法分析出错
	at com.jfinal.plugin.activerecord.Model.doPaginate(Model.java:511)
	at com.jfinal.plugin.activerecord.Model.paginate(Model.java:480)
	at com.xlerp.api.PlManagement.Service.PlpaichanjihuaService.beiliaojihuapaginate(PlpaichanjihuaService.java:86)
	at com.xlerp.api.PlManagement.Controller.PlpaichanjihuaController.getbeiliaojihuapage(PlpaichanjihuaController.java:179)
	at java.base/jdk.internal.reflect.NativeMethodAccessorImpl.invoke0(Native Method)
	at java.base/jdk.internal.reflect.NativeMethodAccessorImpl.invoke(NativeMethodAccessorImpl.java:77)
	at java.base/jdk.internal.reflect.DelegatingMethodAccessorImpl.invoke(DelegatingMethodAccessorImpl.java:43)
	at java.base/java.lang.reflect.Method.invoke(Method.java:568)
	at com.jfinal.aop.Invocation.invoke(Invocation.java:97)
	at com.xlerp.api.Common.HttpMethodInterceptor.intercept(HttpMethodInterceptor.java:36)
	at com.jfinal.aop.Invocation.invoke(Invocation.java:91)
	at com.xlerp.common.DemoConfig$CorsInterceptor.intercept(DemoConfig.java:171)
	at com.jfinal.aop.Invocation.invoke(Invocation.java:91)
	at com.jfinal.core.ActionHandler.handle(ActionHandler.java:88)
	at com.jfinal.core.JFinalFilter.doFilter(JFinalFilter.java:90)
	at io.undertow.servlet.core.ManagedFilter.doFilter(ManagedFilter.java:61)
	at io.undertow.servlet.handlers.FilterHandler$FilterChainImpl.doFilter(FilterHandler.java:131)
	at io.undertow.servlet.handlers.FilterHandler.handleRequest(FilterHandler.java:84)
	at io.undertow.servlet.handlers.security.ServletSecurityRoleHandler.handleRequest(ServletSecurityRoleHandler.java:62)
	at io.undertow.servlet.handlers.ServletChain$1.handleRequest(ServletChain.java:68)
	at io.undertow.servlet.handlers.ServletDispatchingHandler.handleRequest(ServletDispatchingHandler.java:36)
	at io.undertow.servlet.handlers.RedirectDirHandler.handleRequest(RedirectDirHandler.java:68)
	at io.undertow.servlet.handlers.security.SSLInformationAssociationHandler.handleRequest(SSLInformationAssociationHandler.java:117)
	at io.undertow.servlet.handlers.security.ServletAuthenticationCallHandler.handleRequest(ServletAuthenticationCallHandler.java:57)
	at io.undertow.server.handlers.PredicateHandler.handleRequest(PredicateHandler.java:43)
	at io.undertow.security.handlers.AbstractConfidentialityHandler.handleRequest(AbstractConfidentialityHandler.java:46)
	at io.undertow.servlet.handlers.security.ServletConfidentialityConstraintHandler.handleRequest(ServletConfidentialityConstraintHandler.java:64)
	at io.undertow.security.handlers.AuthenticationMechanismsHandler.handleRequest(AuthenticationMechanismsHandler.java:60)
	at io.undertow.servlet.handlers.security.CachedAuthenticatedSessionHandler.handleRequest(CachedAuthenticatedSessionHandler.java:77)
	at io.undertow.security.handlers.AbstractSecurityContextAssociationHandler.handleRequest(AbstractSecurityContextAssociationHandler.java:43)
	at io.undertow.server.handlers.PredicateHandler.handleRequest(PredicateHandler.java:43)
	at io.undertow.servlet.handlers.SendErrorPageHandler.handleRequest(SendErrorPageHandler.java:52)
	at io.undertow.server.handlers.PredicateHandler.handleRequest(PredicateHandler.java:43)
	at io.undertow.servlet.handlers.SessionRestoringHandler.handleRequest(SessionRestoringHandler.java:119)
	at io.undertow.servlet.handlers.ServletInitialHandler.handleFirstRequest(ServletInitialHandler.java:275)
	at io.undertow.servlet.handlers.ServletInitialHandler.access$100(ServletInitialHandler.java:79)
	at io.undertow.servlet.handlers.ServletInitialHandler$2.call(ServletInitialHandler.java:134)
	at io.undertow.servlet.handlers.ServletInitialHandler$2.call(ServletInitialHandler.java:131)
	at io.undertow.servlet.core.ServletRequestContextThreadSetupAction$1.call(ServletRequestContextThreadSetupAction.java:48)
	at io.undertow.servlet.core.ContextClassLoaderSetupAction$1.call(ContextClassLoaderSetupAction.java:43)
	at io.undertow.servlet.handlers.ServletInitialHandler.dispatchRequest(ServletInitialHandler.java:255)
	at io.undertow.servlet.handlers.ServletInitialHandler.access$000(ServletInitialHandler.java:79)
	at io.undertow.servlet.handlers.ServletInitialHandler$1.handleRequest(ServletInitialHandler.java:100)
	at io.undertow.server.Connectors.executeRootHandler(Connectors.java:387)
	at io.undertow.server.HttpServerExchange$1.run(HttpServerExchange.java:852)
	at org.jboss.threads.ContextClassLoaderSavingRunnable.run(ContextClassLoaderSavingRunnable.java:35)
	at org.jboss.threads.EnhancedQueueExecutor.safeRun(EnhancedQueueExecutor.java:2019)
	at org.jboss.threads.EnhancedQueueExecutor$ThreadBody.doRunTask(EnhancedQueueExecutor.java:1558)
	at org.jboss.threads.EnhancedQueueExecutor$ThreadBody.run(EnhancedQueueExecutor.java:1423)
	at org.xnio.XnioWorker$WorkerThreadFactory$1$1.run(XnioWorker.java:1280)
	at java.base/java.lang.Thread.run(Thread.java:833)
Caused by: dm.jdbc.driver.DMException: 第 1 行, 第 444 列[1]附近出现错误: 
语法分析出错
	at dm.jdbc.driver.DBError.throwException(SourceFile:744)
	at dm.jdbc.a.a.y.r(SourceFile:623)
	at dm.jdbc.a.a.f.r(SourceFile:138)
	at dm.jdbc.a.a.y.z(SourceFile:555)
	at dm.jdbc.a.a.y.L(SourceFile:536)
	at dm.jdbc.a.a.a(SourceFile:267)
	at dm.jdbc.a.a.a(SourceFile:791)
	at dm.jdbc.driver.DmdbPreparedStatement.prepareSql(SourceFile:321)
	at dm.jdbc.driver.DmdbPreparedStatement.allocateHandle(SourceFile:246)
	at dm.jdbc.driver.DmdbPreparedStatement.<init>(SourceFile:148)
	at dm.jdbc.driver.DmdbPreparedStatement.<init>(SourceFile:198)
	at dm.jdbc.driver.DmdbConnection.do_prepareStatement(SourceFile:797)
	at dm.jdbc.driver.DmdbConnection.do_prepareStatement(SourceFile:783)
	at dm.jdbc.driver.DmdbConnection.prepareStatement(SourceFile:1426)
	at com.alibaba.druid.filter.FilterChainImpl.connection_prepareStatement(FilterChainImpl.java:451)
	at com.alibaba.druid.filter.FilterAdapter.connection_prepareStatement(FilterAdapter.java:928)
	at com.alibaba.druid.filter.FilterChainImpl.connection_prepareStatement(FilterChainImpl.java:448)
	at com.alibaba.druid.proxy.jdbc.ConnectionProxyImpl.prepareStatement(ConnectionProxyImpl.java:342)
	at com.alibaba.druid.pool.DruidPooledConnection.prepareStatement(DruidPooledConnection.java:346)
	at com.jfinal.plugin.activerecord.DbPro.query(DbPro.java:72)
	at com.jfinal.plugin.activerecord.Db.query(Db.java:75)
	at com.jfinal.plugin.activerecord.CPI.query(CPI.java:68)
	at com.jfinal.plugin.activerecord.dialect.AnsiSqlDialect.takeOverModelPaginate(AnsiSqlDialect.java:308)
	at com.jfinal.plugin.activerecord.Model.doPaginateByFullSql(Model.java:522)
	at com.jfinal.plugin.activerecord.Model.doPaginate(Model.java:509)
	... 50 more

2025-07-19 16:50:04
[ERROR]-[Thread: XNIO-1 task-1]-[com.jfinal.core.ActionHandler.handle()]: com.xlerp.api.PlManagement.Controller.PlpaichanjihuaController.getbeiliaojihuapage() : /plpaichanjihua/getbeiliaojihuapage?gdItemId=7
com.jfinal.plugin.activerecord.ActiveRecordException: dm.jdbc.driver.DMException: 第1 行附近出现错误:
无法解析的成员访问表达式[g.conitemId]
	at com.jfinal.plugin.activerecord.Model.doPaginate(Model.java:511)
	at com.jfinal.plugin.activerecord.Model.paginate(Model.java:480)
	at com.xlerp.api.PlManagement.Service.PlpaichanjihuaService.beiliaojihuapaginate(PlpaichanjihuaService.java:79)
	at com.xlerp.api.PlManagement.Controller.PlpaichanjihuaController.getbeiliaojihuapage(PlpaichanjihuaController.java:179)
	at java.base/jdk.internal.reflect.NativeMethodAccessorImpl.invoke0(Native Method)
	at java.base/jdk.internal.reflect.NativeMethodAccessorImpl.invoke(NativeMethodAccessorImpl.java:77)
	at java.base/jdk.internal.reflect.DelegatingMethodAccessorImpl.invoke(DelegatingMethodAccessorImpl.java:43)
	at java.base/java.lang.reflect.Method.invoke(Method.java:568)
	at com.jfinal.aop.Invocation.invoke(Invocation.java:97)
	at com.xlerp.api.Common.HttpMethodInterceptor.intercept(HttpMethodInterceptor.java:36)
	at com.jfinal.aop.Invocation.invoke(Invocation.java:91)
	at com.xlerp.common.DemoConfig$CorsInterceptor.intercept(DemoConfig.java:171)
	at com.jfinal.aop.Invocation.invoke(Invocation.java:91)
	at com.jfinal.core.ActionHandler.handle(ActionHandler.java:88)
	at com.jfinal.core.JFinalFilter.doFilter(JFinalFilter.java:90)
	at io.undertow.servlet.core.ManagedFilter.doFilter(ManagedFilter.java:61)
	at io.undertow.servlet.handlers.FilterHandler$FilterChainImpl.doFilter(FilterHandler.java:131)
	at io.undertow.servlet.handlers.FilterHandler.handleRequest(FilterHandler.java:84)
	at io.undertow.servlet.handlers.security.ServletSecurityRoleHandler.handleRequest(ServletSecurityRoleHandler.java:62)
	at io.undertow.servlet.handlers.ServletChain$1.handleRequest(ServletChain.java:68)
	at io.undertow.servlet.handlers.ServletDispatchingHandler.handleRequest(ServletDispatchingHandler.java:36)
	at io.undertow.servlet.handlers.RedirectDirHandler.handleRequest(RedirectDirHandler.java:68)
	at io.undertow.servlet.handlers.security.SSLInformationAssociationHandler.handleRequest(SSLInformationAssociationHandler.java:117)
	at io.undertow.servlet.handlers.security.ServletAuthenticationCallHandler.handleRequest(ServletAuthenticationCallHandler.java:57)
	at io.undertow.server.handlers.PredicateHandler.handleRequest(PredicateHandler.java:43)
	at io.undertow.security.handlers.AbstractConfidentialityHandler.handleRequest(AbstractConfidentialityHandler.java:46)
	at io.undertow.servlet.handlers.security.ServletConfidentialityConstraintHandler.handleRequest(ServletConfidentialityConstraintHandler.java:64)
	at io.undertow.security.handlers.AuthenticationMechanismsHandler.handleRequest(AuthenticationMechanismsHandler.java:60)
	at io.undertow.servlet.handlers.security.CachedAuthenticatedSessionHandler.handleRequest(CachedAuthenticatedSessionHandler.java:77)
	at io.undertow.security.handlers.AbstractSecurityContextAssociationHandler.handleRequest(AbstractSecurityContextAssociationHandler.java:43)
	at io.undertow.server.handlers.PredicateHandler.handleRequest(PredicateHandler.java:43)
	at io.undertow.servlet.handlers.SendErrorPageHandler.handleRequest(SendErrorPageHandler.java:52)
	at io.undertow.server.handlers.PredicateHandler.handleRequest(PredicateHandler.java:43)
	at io.undertow.servlet.handlers.SessionRestoringHandler.handleRequest(SessionRestoringHandler.java:119)
	at io.undertow.servlet.handlers.ServletInitialHandler.handleFirstRequest(ServletInitialHandler.java:275)
	at io.undertow.servlet.handlers.ServletInitialHandler.access$100(ServletInitialHandler.java:79)
	at io.undertow.servlet.handlers.ServletInitialHandler$2.call(ServletInitialHandler.java:134)
	at io.undertow.servlet.handlers.ServletInitialHandler$2.call(ServletInitialHandler.java:131)
	at io.undertow.servlet.core.ServletRequestContextThreadSetupAction$1.call(ServletRequestContextThreadSetupAction.java:48)
	at io.undertow.servlet.core.ContextClassLoaderSetupAction$1.call(ContextClassLoaderSetupAction.java:43)
	at io.undertow.servlet.handlers.ServletInitialHandler.dispatchRequest(ServletInitialHandler.java:255)
	at io.undertow.servlet.handlers.ServletInitialHandler.access$000(ServletInitialHandler.java:79)
	at io.undertow.servlet.handlers.ServletInitialHandler$1.handleRequest(ServletInitialHandler.java:100)
	at io.undertow.server.Connectors.executeRootHandler(Connectors.java:387)
	at io.undertow.server.HttpServerExchange$1.run(HttpServerExchange.java:852)
	at org.jboss.threads.ContextClassLoaderSavingRunnable.run(ContextClassLoaderSavingRunnable.java:35)
	at org.jboss.threads.EnhancedQueueExecutor.safeRun(EnhancedQueueExecutor.java:2019)
	at org.jboss.threads.EnhancedQueueExecutor$ThreadBody.doRunTask(EnhancedQueueExecutor.java:1558)
	at org.jboss.threads.EnhancedQueueExecutor$ThreadBody.run(EnhancedQueueExecutor.java:1423)
	at org.xnio.XnioWorker$WorkerThreadFactory$1$1.run(XnioWorker.java:1280)
	at java.base/java.lang.Thread.run(Thread.java:833)
Caused by: dm.jdbc.driver.DMException: 第1 行附近出现错误:
无法解析的成员访问表达式[g.conitemId]
	at dm.jdbc.driver.DBError.throwException(SourceFile:744)
	at dm.jdbc.a.a.y.r(SourceFile:623)
	at dm.jdbc.a.a.f.r(SourceFile:138)
	at dm.jdbc.a.a.y.z(SourceFile:555)
	at dm.jdbc.a.a.y.L(SourceFile:536)
	at dm.jdbc.a.a.a(SourceFile:267)
	at dm.jdbc.a.a.a(SourceFile:791)
	at dm.jdbc.driver.DmdbPreparedStatement.prepareSql(SourceFile:321)
	at dm.jdbc.driver.DmdbPreparedStatement.allocateHandle(SourceFile:246)
	at dm.jdbc.driver.DmdbPreparedStatement.<init>(SourceFile:148)
	at dm.jdbc.driver.DmdbPreparedStatement.<init>(SourceFile:198)
	at dm.jdbc.driver.DmdbConnection.do_prepareStatement(SourceFile:797)
	at dm.jdbc.driver.DmdbConnection.do_prepareStatement(SourceFile:783)
	at dm.jdbc.driver.DmdbConnection.prepareStatement(SourceFile:1426)
	at com.alibaba.druid.filter.FilterChainImpl.connection_prepareStatement(FilterChainImpl.java:451)
	at com.alibaba.druid.filter.FilterAdapter.connection_prepareStatement(FilterAdapter.java:928)
	at com.alibaba.druid.filter.FilterChainImpl.connection_prepareStatement(FilterChainImpl.java:448)
	at com.alibaba.druid.proxy.jdbc.ConnectionProxyImpl.prepareStatement(ConnectionProxyImpl.java:342)
	at com.alibaba.druid.pool.DruidPooledConnection.prepareStatement(DruidPooledConnection.java:346)
	at com.jfinal.plugin.activerecord.DbPro.query(DbPro.java:72)
	at com.jfinal.plugin.activerecord.Db.query(Db.java:75)
	at com.jfinal.plugin.activerecord.CPI.query(CPI.java:68)
	at com.jfinal.plugin.activerecord.dialect.AnsiSqlDialect.takeOverModelPaginate(AnsiSqlDialect.java:308)
	at com.jfinal.plugin.activerecord.Model.doPaginateByFullSql(Model.java:522)
	at com.jfinal.plugin.activerecord.Model.doPaginate(Model.java:509)
	... 50 more

2025-07-19 17:07:34
[ERROR]-[Thread: XNIO-1 task-1]-[com.jfinal.core.ActionHandler.handle()]: com.xlerp.api.PlManagement.Controller.PlpaichanjihuaController.getbeiliaojihuapage() : /plpaichanjihua/getbeiliaojihuapage?gdItemId=7
com.jfinal.plugin.activerecord.ActiveRecordException: dm.jdbc.driver.DMException: 第1 行附近出现错误:
无法解析的成员访问表达式[g.conitemId]
	at com.jfinal.plugin.activerecord.Model.find(Model.java:744)
	at com.jfinal.plugin.activerecord.Model.find(Model.java:757)
	at com.xlerp.api.PlManagement.Service.PlpaichanjihuaService.beiliaojihuaList(PlpaichanjihuaService.java:75)
	at com.xlerp.api.PlManagement.Controller.PlpaichanjihuaController.getbeiliaojihuapage(PlpaichanjihuaController.java:179)
	at java.base/jdk.internal.reflect.NativeMethodAccessorImpl.invoke0(Native Method)
	at java.base/jdk.internal.reflect.NativeMethodAccessorImpl.invoke(NativeMethodAccessorImpl.java:77)
	at java.base/jdk.internal.reflect.DelegatingMethodAccessorImpl.invoke(DelegatingMethodAccessorImpl.java:43)
	at java.base/java.lang.reflect.Method.invoke(Method.java:568)
	at com.jfinal.aop.Invocation.invoke(Invocation.java:97)
	at com.xlerp.api.Common.HttpMethodInterceptor.intercept(HttpMethodInterceptor.java:36)
	at com.jfinal.aop.Invocation.invoke(Invocation.java:91)
	at com.xlerp.common.DemoConfig$CorsInterceptor.intercept(DemoConfig.java:171)
	at com.jfinal.aop.Invocation.invoke(Invocation.java:91)
	at com.jfinal.core.ActionHandler.handle(ActionHandler.java:88)
	at com.jfinal.core.JFinalFilter.doFilter(JFinalFilter.java:90)
	at io.undertow.servlet.core.ManagedFilter.doFilter(ManagedFilter.java:61)
	at io.undertow.servlet.handlers.FilterHandler$FilterChainImpl.doFilter(FilterHandler.java:131)
	at io.undertow.servlet.handlers.FilterHandler.handleRequest(FilterHandler.java:84)
	at io.undertow.servlet.handlers.security.ServletSecurityRoleHandler.handleRequest(ServletSecurityRoleHandler.java:62)
	at io.undertow.servlet.handlers.ServletChain$1.handleRequest(ServletChain.java:68)
	at io.undertow.servlet.handlers.ServletDispatchingHandler.handleRequest(ServletDispatchingHandler.java:36)
	at io.undertow.servlet.handlers.RedirectDirHandler.handleRequest(RedirectDirHandler.java:68)
	at io.undertow.servlet.handlers.security.SSLInformationAssociationHandler.handleRequest(SSLInformationAssociationHandler.java:117)
	at io.undertow.servlet.handlers.security.ServletAuthenticationCallHandler.handleRequest(ServletAuthenticationCallHandler.java:57)
	at io.undertow.server.handlers.PredicateHandler.handleRequest(PredicateHandler.java:43)
	at io.undertow.security.handlers.AbstractConfidentialityHandler.handleRequest(AbstractConfidentialityHandler.java:46)
	at io.undertow.servlet.handlers.security.ServletConfidentialityConstraintHandler.handleRequest(ServletConfidentialityConstraintHandler.java:64)
	at io.undertow.security.handlers.AuthenticationMechanismsHandler.handleRequest(AuthenticationMechanismsHandler.java:60)
	at io.undertow.servlet.handlers.security.CachedAuthenticatedSessionHandler.handleRequest(CachedAuthenticatedSessionHandler.java:77)
	at io.undertow.security.handlers.AbstractSecurityContextAssociationHandler.handleRequest(AbstractSecurityContextAssociationHandler.java:43)
	at io.undertow.server.handlers.PredicateHandler.handleRequest(PredicateHandler.java:43)
	at io.undertow.servlet.handlers.SendErrorPageHandler.handleRequest(SendErrorPageHandler.java:52)
	at io.undertow.server.handlers.PredicateHandler.handleRequest(PredicateHandler.java:43)
	at io.undertow.servlet.handlers.SessionRestoringHandler.handleRequest(SessionRestoringHandler.java:119)
	at io.undertow.servlet.handlers.ServletInitialHandler.handleFirstRequest(ServletInitialHandler.java:275)
	at io.undertow.servlet.handlers.ServletInitialHandler.access$100(ServletInitialHandler.java:79)
	at io.undertow.servlet.handlers.ServletInitialHandler$2.call(ServletInitialHandler.java:134)
	at io.undertow.servlet.handlers.ServletInitialHandler$2.call(ServletInitialHandler.java:131)
	at io.undertow.servlet.core.ServletRequestContextThreadSetupAction$1.call(ServletRequestContextThreadSetupAction.java:48)
	at io.undertow.servlet.core.ContextClassLoaderSetupAction$1.call(ContextClassLoaderSetupAction.java:43)
	at io.undertow.servlet.handlers.ServletInitialHandler.dispatchRequest(ServletInitialHandler.java:255)
	at io.undertow.servlet.handlers.ServletInitialHandler.access$000(ServletInitialHandler.java:79)
	at io.undertow.servlet.handlers.ServletInitialHandler$1.handleRequest(ServletInitialHandler.java:100)
	at io.undertow.server.Connectors.executeRootHandler(Connectors.java:387)
	at io.undertow.server.HttpServerExchange$1.run(HttpServerExchange.java:852)
	at org.jboss.threads.ContextClassLoaderSavingRunnable.run(ContextClassLoaderSavingRunnable.java:35)
	at org.jboss.threads.EnhancedQueueExecutor.safeRun(EnhancedQueueExecutor.java:2019)
	at org.jboss.threads.EnhancedQueueExecutor$ThreadBody.doRunTask(EnhancedQueueExecutor.java:1558)
	at org.jboss.threads.EnhancedQueueExecutor$ThreadBody.run(EnhancedQueueExecutor.java:1449)
	at org.xnio.XnioWorker$WorkerThreadFactory$1$1.run(XnioWorker.java:1280)
	at java.base/java.lang.Thread.run(Thread.java:833)
Caused by: dm.jdbc.driver.DMException: 第1 行附近出现错误:
无法解析的成员访问表达式[g.conitemId]
	at dm.jdbc.driver.DBError.throwException(SourceFile:744)
	at dm.jdbc.a.a.y.r(SourceFile:623)
	at dm.jdbc.a.a.f.r(SourceFile:138)
	at dm.jdbc.a.a.y.z(SourceFile:555)
	at dm.jdbc.a.a.y.L(SourceFile:536)
	at dm.jdbc.a.a.a(SourceFile:267)
	at dm.jdbc.a.a.a(SourceFile:791)
	at dm.jdbc.driver.DmdbPreparedStatement.prepareSql(SourceFile:321)
	at dm.jdbc.driver.DmdbPreparedStatement.allocateHandle(SourceFile:246)
	at dm.jdbc.driver.DmdbPreparedStatement.<init>(SourceFile:148)
	at dm.jdbc.driver.DmdbPreparedStatement.<init>(SourceFile:198)
	at dm.jdbc.driver.DmdbConnection.do_prepareStatement(SourceFile:797)
	at dm.jdbc.driver.DmdbConnection.do_prepareStatement(SourceFile:783)
	at dm.jdbc.driver.DmdbConnection.prepareStatement(SourceFile:1426)
	at com.alibaba.druid.filter.FilterChainImpl.connection_prepareStatement(FilterChainImpl.java:451)
	at com.alibaba.druid.filter.FilterAdapter.connection_prepareStatement(FilterAdapter.java:928)
	at com.alibaba.druid.filter.FilterChainImpl.connection_prepareStatement(FilterChainImpl.java:448)
	at com.alibaba.druid.proxy.jdbc.ConnectionProxyImpl.prepareStatement(ConnectionProxyImpl.java:342)
	at com.alibaba.druid.pool.DruidPooledConnection.prepareStatement(DruidPooledConnection.java:346)
	at com.jfinal.plugin.activerecord.Model.find(Model.java:729)
	at com.jfinal.plugin.activerecord.Model.find(Model.java:742)
	... 50 more

2025-07-19 21:14:02
[ERROR]-[Thread: XNIO-1 task-1]-[com.jfinal.core.ActionHandler.handle()]: com.xlerp.api.PlManagement.Controller.PlpaichanjihuaController.getpage() : /plpaichanjihua/getpage?gdItemId=7
com.jfinal.plugin.activerecord.ActiveRecordException: dm.jdbc.driver.DMException: 第 1 行, 第 358 列[p]附近出现错误: 
语法分析出错
	at com.jfinal.plugin.activerecord.Model.doPaginate(Model.java:511)
	at com.jfinal.plugin.activerecord.Model.paginate(Model.java:480)
	at com.xlerp.api.PlManagement.Service.PlpaichanjihuaService.paginate(PlpaichanjihuaService.java:30)
	at com.xlerp.api.PlManagement.Controller.PlpaichanjihuaController.getpage(PlpaichanjihuaController.java:38)
	at java.base/jdk.internal.reflect.NativeMethodAccessorImpl.invoke0(Native Method)
	at java.base/jdk.internal.reflect.NativeMethodAccessorImpl.invoke(NativeMethodAccessorImpl.java:77)
	at java.base/jdk.internal.reflect.DelegatingMethodAccessorImpl.invoke(DelegatingMethodAccessorImpl.java:43)
	at java.base/java.lang.reflect.Method.invoke(Method.java:568)
	at com.jfinal.aop.Invocation.invoke(Invocation.java:97)
	at com.xlerp.api.Common.HttpMethodInterceptor.intercept(HttpMethodInterceptor.java:36)
	at com.jfinal.aop.Invocation.invoke(Invocation.java:91)
	at com.xlerp.common.DemoConfig$CorsInterceptor.intercept(DemoConfig.java:171)
	at com.jfinal.aop.Invocation.invoke(Invocation.java:91)
	at com.jfinal.core.ActionHandler.handle(ActionHandler.java:88)
	at com.jfinal.core.JFinalFilter.doFilter(JFinalFilter.java:90)
	at io.undertow.servlet.core.ManagedFilter.doFilter(ManagedFilter.java:61)
	at io.undertow.servlet.handlers.FilterHandler$FilterChainImpl.doFilter(FilterHandler.java:131)
	at io.undertow.servlet.handlers.FilterHandler.handleRequest(FilterHandler.java:84)
	at io.undertow.servlet.handlers.security.ServletSecurityRoleHandler.handleRequest(ServletSecurityRoleHandler.java:62)
	at io.undertow.servlet.handlers.ServletChain$1.handleRequest(ServletChain.java:68)
	at io.undertow.servlet.handlers.ServletDispatchingHandler.handleRequest(ServletDispatchingHandler.java:36)
	at io.undertow.servlet.handlers.RedirectDirHandler.handleRequest(RedirectDirHandler.java:68)
	at io.undertow.servlet.handlers.security.SSLInformationAssociationHandler.handleRequest(SSLInformationAssociationHandler.java:117)
	at io.undertow.servlet.handlers.security.ServletAuthenticationCallHandler.handleRequest(ServletAuthenticationCallHandler.java:57)
	at io.undertow.server.handlers.PredicateHandler.handleRequest(PredicateHandler.java:43)
	at io.undertow.security.handlers.AbstractConfidentialityHandler.handleRequest(AbstractConfidentialityHandler.java:46)
	at io.undertow.servlet.handlers.security.ServletConfidentialityConstraintHandler.handleRequest(ServletConfidentialityConstraintHandler.java:64)
	at io.undertow.security.handlers.AuthenticationMechanismsHandler.handleRequest(AuthenticationMechanismsHandler.java:60)
	at io.undertow.servlet.handlers.security.CachedAuthenticatedSessionHandler.handleRequest(CachedAuthenticatedSessionHandler.java:77)
	at io.undertow.security.handlers.AbstractSecurityContextAssociationHandler.handleRequest(AbstractSecurityContextAssociationHandler.java:43)
	at io.undertow.server.handlers.PredicateHandler.handleRequest(PredicateHandler.java:43)
	at io.undertow.servlet.handlers.SendErrorPageHandler.handleRequest(SendErrorPageHandler.java:52)
	at io.undertow.server.handlers.PredicateHandler.handleRequest(PredicateHandler.java:43)
	at io.undertow.servlet.handlers.SessionRestoringHandler.handleRequest(SessionRestoringHandler.java:119)
	at io.undertow.servlet.handlers.ServletInitialHandler.handleFirstRequest(ServletInitialHandler.java:275)
	at io.undertow.servlet.handlers.ServletInitialHandler.access$100(ServletInitialHandler.java:79)
	at io.undertow.servlet.handlers.ServletInitialHandler$2.call(ServletInitialHandler.java:134)
	at io.undertow.servlet.handlers.ServletInitialHandler$2.call(ServletInitialHandler.java:131)
	at io.undertow.servlet.core.ServletRequestContextThreadSetupAction$1.call(ServletRequestContextThreadSetupAction.java:48)
	at io.undertow.servlet.core.ContextClassLoaderSetupAction$1.call(ContextClassLoaderSetupAction.java:43)
	at io.undertow.servlet.handlers.ServletInitialHandler.dispatchRequest(ServletInitialHandler.java:255)
	at io.undertow.servlet.handlers.ServletInitialHandler.access$000(ServletInitialHandler.java:79)
	at io.undertow.servlet.handlers.ServletInitialHandler$1.handleRequest(ServletInitialHandler.java:100)
	at io.undertow.server.Connectors.executeRootHandler(Connectors.java:387)
	at io.undertow.server.HttpServerExchange$1.run(HttpServerExchange.java:852)
	at org.jboss.threads.ContextClassLoaderSavingRunnable.run(ContextClassLoaderSavingRunnable.java:35)
	at org.jboss.threads.EnhancedQueueExecutor.safeRun(EnhancedQueueExecutor.java:2019)
	at org.jboss.threads.EnhancedQueueExecutor$ThreadBody.doRunTask(EnhancedQueueExecutor.java:1558)
	at org.jboss.threads.EnhancedQueueExecutor$ThreadBody.run(EnhancedQueueExecutor.java:1423)
	at org.xnio.XnioWorker$WorkerThreadFactory$1$1.run(XnioWorker.java:1280)
	at java.base/java.lang.Thread.run(Thread.java:833)
Caused by: dm.jdbc.driver.DMException: 第 1 行, 第 358 列[p]附近出现错误: 
语法分析出错
	at dm.jdbc.driver.DBError.throwException(SourceFile:744)
	at dm.jdbc.a.a.y.r(SourceFile:623)
	at dm.jdbc.a.a.f.r(SourceFile:138)
	at dm.jdbc.a.a.y.z(SourceFile:555)
	at dm.jdbc.a.a.y.L(SourceFile:536)
	at dm.jdbc.a.a.a(SourceFile:267)
	at dm.jdbc.a.a.a(SourceFile:791)
	at dm.jdbc.driver.DmdbPreparedStatement.prepareSql(SourceFile:321)
	at dm.jdbc.driver.DmdbPreparedStatement.allocateHandle(SourceFile:246)
	at dm.jdbc.driver.DmdbPreparedStatement.<init>(SourceFile:148)
	at dm.jdbc.driver.DmdbPreparedStatement.<init>(SourceFile:198)
	at dm.jdbc.driver.DmdbConnection.do_prepareStatement(SourceFile:797)
	at dm.jdbc.driver.DmdbConnection.do_prepareStatement(SourceFile:783)
	at dm.jdbc.driver.DmdbConnection.prepareStatement(SourceFile:1426)
	at com.alibaba.druid.filter.FilterChainImpl.connection_prepareStatement(FilterChainImpl.java:451)
	at com.alibaba.druid.filter.FilterAdapter.connection_prepareStatement(FilterAdapter.java:928)
	at com.alibaba.druid.filter.FilterChainImpl.connection_prepareStatement(FilterChainImpl.java:448)
	at com.alibaba.druid.proxy.jdbc.ConnectionProxyImpl.prepareStatement(ConnectionProxyImpl.java:342)
	at com.alibaba.druid.pool.DruidPooledConnection.prepareStatement(DruidPooledConnection.java:346)
	at com.jfinal.plugin.activerecord.DbPro.query(DbPro.java:72)
	at com.jfinal.plugin.activerecord.Db.query(Db.java:75)
	at com.jfinal.plugin.activerecord.CPI.query(CPI.java:68)
	at com.jfinal.plugin.activerecord.dialect.AnsiSqlDialect.takeOverModelPaginate(AnsiSqlDialect.java:308)
	at com.jfinal.plugin.activerecord.Model.doPaginateByFullSql(Model.java:522)
	at com.jfinal.plugin.activerecord.Model.doPaginate(Model.java:509)
	... 50 more

2025-07-19 21:15:27
[ERROR]-[Thread: main]-[com.jfinal.core.Config.startPlugins()]: Plugin start error: com.jfinal.plugin.activerecord.ActiveRecordPlugin. 
dm.jdbc.driver.DMException: 网络通信异常
com.jfinal.plugin.activerecord.ActiveRecordException: dm.jdbc.driver.DMException: 网络通信异常
	at com.jfinal.plugin.activerecord.TableBuilder.build(TableBuilder.java:63)
	at com.jfinal.plugin.activerecord.ActiveRecordPlugin.start(ActiveRecordPlugin.java:228)
	at com.jfinal.core.Config.startPlugins(Config.java:128)
	at com.jfinal.core.Config.configPluginWithOrder(Config.java:71)
	at com.jfinal.core.Config.configJFinal(Config.java:59)
	at com.jfinal.core.JFinal.init(JFinal.java:61)
	at com.jfinal.core.JFinalFilter.init(JFinalFilter.java:64)
	at io.undertow.servlet.core.LifecyleInterceptorInvocation.proceed(LifecyleInterceptorInvocation.java:111)
	at io.undertow.servlet.core.ManagedFilter.createFilter(ManagedFilter.java:80)
	at io.undertow.servlet.core.DeploymentManagerImpl$2.call(DeploymentManagerImpl.java:594)
	at io.undertow.servlet.core.DeploymentManagerImpl$2.call(DeploymentManagerImpl.java:559)
	at io.undertow.servlet.core.ServletRequestContextThreadSetupAction$1.call(ServletRequestContextThreadSetupAction.java:42)
	at io.undertow.servlet.core.ContextClassLoaderSetupAction$1.call(ContextClassLoaderSetupAction.java:43)
	at io.undertow.servlet.core.DeploymentManagerImpl.start(DeploymentManagerImpl.java:601)
	at com.jfinal.server.undertow.UndertowServer.configHttp(UndertowServer.java:287)
	at com.jfinal.server.undertow.UndertowServer.doStart(UndertowServer.java:265)
	at com.jfinal.server.undertow.UndertowServer.start(UndertowServer.java:158)
	at com.jfinal.server.undertow.UndertowServer.start(UndertowServer.java:83)
	at com.xlerp.common.DemoConfig.main(DemoConfig.java:42)
Caused by: dm.jdbc.driver.DMException: 网络通信异常
	at dm.jdbc.driver.DBError.throwException(SourceFile:807)
	at dm.jdbc.a.a.a(SourceFile:272)
	at dm.jdbc.a.a.a(SourceFile:802)
	at dm.jdbc.driver.DmdbStatement.executeInner(SourceFile:771)
	at dm.jdbc.driver.DmdbStatement.do_executeQuery(SourceFile:226)
	at dm.jdbc.driver.DmdbStatement.executeQuery(SourceFile:1125)
	at com.alibaba.druid.filter.FilterChainImpl.statement_executeQuery(FilterChainImpl.java:2363)
	at com.alibaba.druid.filter.FilterAdapter.statement_executeQuery(FilterAdapter.java:2481)
	at com.alibaba.druid.filter.FilterChainImpl.statement_executeQuery(FilterChainImpl.java:2360)
	at com.alibaba.druid.proxy.jdbc.StatementProxyImpl.executeQuery(StatementProxyImpl.java:211)
	at com.alibaba.druid.pool.DruidPooledStatement.executeQuery(DruidPooledStatement.java:140)
	at com.jfinal.plugin.activerecord.TableBuilder.doBuild(TableBuilder.java:79)
	at com.jfinal.plugin.activerecord.TableBuilder.build(TableBuilder.java:55)
	... 18 more
Caused by: java.net.SocketException: Connection reset
	at java.base/sun.nio.ch.NioSocketImpl.implRead(NioSocketImpl.java:323)
	at java.base/sun.nio.ch.NioSocketImpl.read(NioSocketImpl.java:350)
	at java.base/sun.nio.ch.NioSocketImpl$1.read(NioSocketImpl.java:803)
	at java.base/java.net.Socket$SocketInputStream.read(Socket.java:966)
	at dm.jdbc.util.buffer.ByteArrayNode.load(SourceFile:129)
	at dm.jdbc.util.buffer.Buffer.load(SourceFile:365)
	at dm.jdbc.a.c.a(SourceFile:208)
	at dm.jdbc.a.a.e(SourceFile:388)
	at dm.jdbc.a.a.a(SourceFile:262)
	... 29 more

2025-07-19 22:10:34
[ERROR]-[Thread: XNIO-1 task-1]-[com.jfinal.core.ActionHandler.handle()]: com.xlerp.api.PlManagement.Controller.PlpaichanjihuaController.getpage() : /plpaichanjihua/getpage?planNo=&pageNumber=1&pageSize=10
com.jfinal.plugin.activerecord.ActiveRecordException: dm.jdbc.driver.DMException: 第1 行附近出现错误:
无法解析的成员访问表达式[i.price]
	at com.jfinal.plugin.activerecord.Model.doPaginate(Model.java:511)
	at com.jfinal.plugin.activerecord.Model.paginate(Model.java:480)
	at com.xlerp.api.PlManagement.Service.PlpaichanjihuaService.paginate(PlpaichanjihuaService.java:32)
	at com.xlerp.api.PlManagement.Controller.PlpaichanjihuaController.getpage(PlpaichanjihuaController.java:38)
	at java.base/jdk.internal.reflect.NativeMethodAccessorImpl.invoke0(Native Method)
	at java.base/jdk.internal.reflect.NativeMethodAccessorImpl.invoke(NativeMethodAccessorImpl.java:77)
	at java.base/jdk.internal.reflect.DelegatingMethodAccessorImpl.invoke(DelegatingMethodAccessorImpl.java:43)
	at java.base/java.lang.reflect.Method.invoke(Method.java:568)
	at com.jfinal.aop.Invocation.invoke(Invocation.java:97)
	at com.xlerp.api.Common.HttpMethodInterceptor.intercept(HttpMethodInterceptor.java:36)
	at com.jfinal.aop.Invocation.invoke(Invocation.java:91)
	at com.xlerp.common.DemoConfig$CorsInterceptor.intercept(DemoConfig.java:171)
	at com.jfinal.aop.Invocation.invoke(Invocation.java:91)
	at com.jfinal.core.ActionHandler.handle(ActionHandler.java:88)
	at com.jfinal.core.JFinalFilter.doFilter(JFinalFilter.java:90)
	at io.undertow.servlet.core.ManagedFilter.doFilter(ManagedFilter.java:61)
	at io.undertow.servlet.handlers.FilterHandler$FilterChainImpl.doFilter(FilterHandler.java:131)
	at io.undertow.servlet.handlers.FilterHandler.handleRequest(FilterHandler.java:84)
	at io.undertow.servlet.handlers.security.ServletSecurityRoleHandler.handleRequest(ServletSecurityRoleHandler.java:62)
	at io.undertow.servlet.handlers.ServletChain$1.handleRequest(ServletChain.java:68)
	at io.undertow.servlet.handlers.ServletDispatchingHandler.handleRequest(ServletDispatchingHandler.java:36)
	at io.undertow.servlet.handlers.RedirectDirHandler.handleRequest(RedirectDirHandler.java:68)
	at io.undertow.servlet.handlers.security.SSLInformationAssociationHandler.handleRequest(SSLInformationAssociationHandler.java:117)
	at io.undertow.servlet.handlers.security.ServletAuthenticationCallHandler.handleRequest(ServletAuthenticationCallHandler.java:57)
	at io.undertow.server.handlers.PredicateHandler.handleRequest(PredicateHandler.java:43)
	at io.undertow.security.handlers.AbstractConfidentialityHandler.handleRequest(AbstractConfidentialityHandler.java:46)
	at io.undertow.servlet.handlers.security.ServletConfidentialityConstraintHandler.handleRequest(ServletConfidentialityConstraintHandler.java:64)
	at io.undertow.security.handlers.AuthenticationMechanismsHandler.handleRequest(AuthenticationMechanismsHandler.java:60)
	at io.undertow.servlet.handlers.security.CachedAuthenticatedSessionHandler.handleRequest(CachedAuthenticatedSessionHandler.java:77)
	at io.undertow.security.handlers.AbstractSecurityContextAssociationHandler.handleRequest(AbstractSecurityContextAssociationHandler.java:43)
	at io.undertow.server.handlers.PredicateHandler.handleRequest(PredicateHandler.java:43)
	at io.undertow.servlet.handlers.SendErrorPageHandler.handleRequest(SendErrorPageHandler.java:52)
	at io.undertow.server.handlers.PredicateHandler.handleRequest(PredicateHandler.java:43)
	at io.undertow.servlet.handlers.SessionRestoringHandler.handleRequest(SessionRestoringHandler.java:119)
	at io.undertow.servlet.handlers.ServletInitialHandler.handleFirstRequest(ServletInitialHandler.java:275)
	at io.undertow.servlet.handlers.ServletInitialHandler.access$100(ServletInitialHandler.java:79)
	at io.undertow.servlet.handlers.ServletInitialHandler$2.call(ServletInitialHandler.java:134)
	at io.undertow.servlet.handlers.ServletInitialHandler$2.call(ServletInitialHandler.java:131)
	at io.undertow.servlet.core.ServletRequestContextThreadSetupAction$1.call(ServletRequestContextThreadSetupAction.java:48)
	at io.undertow.servlet.core.ContextClassLoaderSetupAction$1.call(ContextClassLoaderSetupAction.java:43)
	at io.undertow.servlet.handlers.ServletInitialHandler.dispatchRequest(ServletInitialHandler.java:255)
	at io.undertow.servlet.handlers.ServletInitialHandler.access$000(ServletInitialHandler.java:79)
	at io.undertow.servlet.handlers.ServletInitialHandler$1.handleRequest(ServletInitialHandler.java:100)
	at io.undertow.server.Connectors.executeRootHandler(Connectors.java:387)
	at io.undertow.server.HttpServerExchange$1.run(HttpServerExchange.java:852)
	at org.jboss.threads.ContextClassLoaderSavingRunnable.run(ContextClassLoaderSavingRunnable.java:35)
	at org.jboss.threads.EnhancedQueueExecutor.safeRun(EnhancedQueueExecutor.java:2019)
	at org.jboss.threads.EnhancedQueueExecutor$ThreadBody.doRunTask(EnhancedQueueExecutor.java:1558)
	at org.jboss.threads.EnhancedQueueExecutor$ThreadBody.run(EnhancedQueueExecutor.java:1449)
	at org.xnio.XnioWorker$WorkerThreadFactory$1$1.run(XnioWorker.java:1280)
	at java.base/java.lang.Thread.run(Thread.java:833)
Caused by: dm.jdbc.driver.DMException: 第1 行附近出现错误:
无法解析的成员访问表达式[i.price]
	at dm.jdbc.driver.DBError.throwException(SourceFile:744)
	at dm.jdbc.a.a.y.r(SourceFile:623)
	at dm.jdbc.a.a.f.r(SourceFile:138)
	at dm.jdbc.a.a.y.z(SourceFile:555)
	at dm.jdbc.a.a.y.L(SourceFile:536)
	at dm.jdbc.a.a.a(SourceFile:267)
	at dm.jdbc.a.a.a(SourceFile:791)
	at dm.jdbc.driver.DmdbPreparedStatement.prepareSql(SourceFile:321)
	at dm.jdbc.driver.DmdbPreparedStatement.allocateHandle(SourceFile:246)
	at dm.jdbc.driver.DmdbPreparedStatement.<init>(SourceFile:148)
	at dm.jdbc.driver.DmdbPreparedStatement.<init>(SourceFile:198)
	at dm.jdbc.driver.DmdbConnection.do_prepareStatement(SourceFile:797)
	at dm.jdbc.driver.DmdbConnection.do_prepareStatement(SourceFile:790)
	at dm.jdbc.driver.DmdbConnection.prepareStatement(SourceFile:1733)
	at com.alibaba.druid.filter.FilterChainImpl.connection_prepareStatement(FilterChainImpl.java:474)
	at com.alibaba.druid.filter.FilterAdapter.connection_prepareStatement(FilterAdapter.java:941)
	at com.alibaba.druid.filter.FilterChainImpl.connection_prepareStatement(FilterChainImpl.java:471)
	at com.alibaba.druid.proxy.jdbc.ConnectionProxyImpl.prepareStatement(ConnectionProxyImpl.java:375)
	at com.alibaba.druid.pool.DruidPooledConnection.prepareStatement(DruidPooledConnection.java:384)
	at com.jfinal.plugin.activerecord.dialect.AnsiSqlDialect.takeOverModelPaginate(AnsiSqlDialect.java:335)
	at com.jfinal.plugin.activerecord.Model.doPaginateByFullSql(Model.java:522)
	at com.jfinal.plugin.activerecord.Model.doPaginate(Model.java:509)
	... 50 more

2025-07-19 22:10:42
[ERROR]-[Thread: XNIO-1 task-1]-[com.jfinal.core.ActionHandler.handle()]: com.xlerp.api.PlManagement.Controller.PlpaichanjihuaController.getpage() : /plpaichanjihua/getpage?planNo=&pageNumber=1&pageSize=10
com.jfinal.plugin.activerecord.ActiveRecordException: dm.jdbc.driver.DMException: 第1 行附近出现错误:
无法解析的成员访问表达式[i.price]
	at com.jfinal.plugin.activerecord.Model.doPaginate(Model.java:511)
	at com.jfinal.plugin.activerecord.Model.paginate(Model.java:480)
	at com.xlerp.api.PlManagement.Service.PlpaichanjihuaService.paginate(PlpaichanjihuaService.java:32)
	at com.xlerp.api.PlManagement.Controller.PlpaichanjihuaController.getpage(PlpaichanjihuaController.java:38)
	at java.base/jdk.internal.reflect.NativeMethodAccessorImpl.invoke0(Native Method)
	at java.base/jdk.internal.reflect.NativeMethodAccessorImpl.invoke(NativeMethodAccessorImpl.java:77)
	at java.base/jdk.internal.reflect.DelegatingMethodAccessorImpl.invoke(DelegatingMethodAccessorImpl.java:43)
	at java.base/java.lang.reflect.Method.invoke(Method.java:568)
	at com.jfinal.aop.Invocation.invoke(Invocation.java:97)
	at com.xlerp.api.Common.HttpMethodInterceptor.intercept(HttpMethodInterceptor.java:36)
	at com.jfinal.aop.Invocation.invoke(Invocation.java:91)
	at com.xlerp.common.DemoConfig$CorsInterceptor.intercept(DemoConfig.java:171)
	at com.jfinal.aop.Invocation.invoke(Invocation.java:91)
	at com.jfinal.core.ActionHandler.handle(ActionHandler.java:88)
	at com.jfinal.core.JFinalFilter.doFilter(JFinalFilter.java:90)
	at io.undertow.servlet.core.ManagedFilter.doFilter(ManagedFilter.java:61)
	at io.undertow.servlet.handlers.FilterHandler$FilterChainImpl.doFilter(FilterHandler.java:131)
	at io.undertow.servlet.handlers.FilterHandler.handleRequest(FilterHandler.java:84)
	at io.undertow.servlet.handlers.security.ServletSecurityRoleHandler.handleRequest(ServletSecurityRoleHandler.java:62)
	at io.undertow.servlet.handlers.ServletChain$1.handleRequest(ServletChain.java:68)
	at io.undertow.servlet.handlers.ServletDispatchingHandler.handleRequest(ServletDispatchingHandler.java:36)
	at io.undertow.servlet.handlers.RedirectDirHandler.handleRequest(RedirectDirHandler.java:68)
	at io.undertow.servlet.handlers.security.SSLInformationAssociationHandler.handleRequest(SSLInformationAssociationHandler.java:117)
	at io.undertow.servlet.handlers.security.ServletAuthenticationCallHandler.handleRequest(ServletAuthenticationCallHandler.java:57)
	at io.undertow.server.handlers.PredicateHandler.handleRequest(PredicateHandler.java:43)
	at io.undertow.security.handlers.AbstractConfidentialityHandler.handleRequest(AbstractConfidentialityHandler.java:46)
	at io.undertow.servlet.handlers.security.ServletConfidentialityConstraintHandler.handleRequest(ServletConfidentialityConstraintHandler.java:64)
	at io.undertow.security.handlers.AuthenticationMechanismsHandler.handleRequest(AuthenticationMechanismsHandler.java:60)
	at io.undertow.servlet.handlers.security.CachedAuthenticatedSessionHandler.handleRequest(CachedAuthenticatedSessionHandler.java:77)
	at io.undertow.security.handlers.AbstractSecurityContextAssociationHandler.handleRequest(AbstractSecurityContextAssociationHandler.java:43)
	at io.undertow.server.handlers.PredicateHandler.handleRequest(PredicateHandler.java:43)
	at io.undertow.servlet.handlers.SendErrorPageHandler.handleRequest(SendErrorPageHandler.java:52)
	at io.undertow.server.handlers.PredicateHandler.handleRequest(PredicateHandler.java:43)
	at io.undertow.servlet.handlers.SessionRestoringHandler.handleRequest(SessionRestoringHandler.java:119)
	at io.undertow.servlet.handlers.ServletInitialHandler.handleFirstRequest(ServletInitialHandler.java:275)
	at io.undertow.servlet.handlers.ServletInitialHandler.access$100(ServletInitialHandler.java:79)
	at io.undertow.servlet.handlers.ServletInitialHandler$2.call(ServletInitialHandler.java:134)
	at io.undertow.servlet.handlers.ServletInitialHandler$2.call(ServletInitialHandler.java:131)
	at io.undertow.servlet.core.ServletRequestContextThreadSetupAction$1.call(ServletRequestContextThreadSetupAction.java:48)
	at io.undertow.servlet.core.ContextClassLoaderSetupAction$1.call(ContextClassLoaderSetupAction.java:43)
	at io.undertow.servlet.handlers.ServletInitialHandler.dispatchRequest(ServletInitialHandler.java:255)
	at io.undertow.servlet.handlers.ServletInitialHandler.access$000(ServletInitialHandler.java:79)
	at io.undertow.servlet.handlers.ServletInitialHandler$1.handleRequest(ServletInitialHandler.java:100)
	at io.undertow.server.Connectors.executeRootHandler(Connectors.java:387)
	at io.undertow.server.HttpServerExchange$1.run(HttpServerExchange.java:852)
	at org.jboss.threads.ContextClassLoaderSavingRunnable.run(ContextClassLoaderSavingRunnable.java:35)
	at org.jboss.threads.EnhancedQueueExecutor.safeRun(EnhancedQueueExecutor.java:2019)
	at org.jboss.threads.EnhancedQueueExecutor$ThreadBody.doRunTask(EnhancedQueueExecutor.java:1558)
	at org.jboss.threads.EnhancedQueueExecutor$ThreadBody.run(EnhancedQueueExecutor.java:1449)
	at org.xnio.XnioWorker$WorkerThreadFactory$1$1.run(XnioWorker.java:1280)
	at java.base/java.lang.Thread.run(Thread.java:833)
Caused by: dm.jdbc.driver.DMException: 第1 行附近出现错误:
无法解析的成员访问表达式[i.price]
	at dm.jdbc.driver.DBError.throwException(SourceFile:744)
	at dm.jdbc.a.a.y.r(SourceFile:623)
	at dm.jdbc.a.a.f.r(SourceFile:138)
	at dm.jdbc.a.a.y.z(SourceFile:555)
	at dm.jdbc.a.a.y.L(SourceFile:536)
	at dm.jdbc.a.a.a(SourceFile:267)
	at dm.jdbc.a.a.a(SourceFile:791)
	at dm.jdbc.driver.DmdbPreparedStatement.prepareSql(SourceFile:321)
	at dm.jdbc.driver.DmdbPreparedStatement.allocateHandle(SourceFile:246)
	at dm.jdbc.driver.DmdbPreparedStatement.<init>(SourceFile:148)
	at dm.jdbc.driver.DmdbPreparedStatement.<init>(SourceFile:198)
	at dm.jdbc.driver.DmdbConnection.do_prepareStatement(SourceFile:797)
	at dm.jdbc.driver.DmdbConnection.do_prepareStatement(SourceFile:790)
	at dm.jdbc.driver.DmdbConnection.prepareStatement(SourceFile:1733)
	at com.alibaba.druid.filter.FilterChainImpl.connection_prepareStatement(FilterChainImpl.java:474)
	at com.alibaba.druid.filter.FilterAdapter.connection_prepareStatement(FilterAdapter.java:941)
	at com.alibaba.druid.filter.FilterChainImpl.connection_prepareStatement(FilterChainImpl.java:471)
	at com.alibaba.druid.proxy.jdbc.ConnectionProxyImpl.prepareStatement(ConnectionProxyImpl.java:375)
	at com.alibaba.druid.pool.DruidPooledConnection.prepareStatement(DruidPooledConnection.java:384)
	at com.jfinal.plugin.activerecord.dialect.AnsiSqlDialect.takeOverModelPaginate(AnsiSqlDialect.java:335)
	at com.jfinal.plugin.activerecord.Model.doPaginateByFullSql(Model.java:522)
	at com.jfinal.plugin.activerecord.Model.doPaginate(Model.java:509)
	... 50 more

2025-07-19 22:11:09
[ERROR]-[Thread: XNIO-1 task-1]-[com.jfinal.core.ActionHandler.handle()]: com.xlerp.api.PlManagement.Controller.PlpaichanjihuaController.getpage() : /plpaichanjihua/getpage?planNo=&pageNumber=1&pageSize=10
com.jfinal.plugin.activerecord.ActiveRecordException: dm.jdbc.driver.DMException: 第1 行附近出现错误:
无法解析的成员访问表达式[i.price]
	at com.jfinal.plugin.activerecord.Model.doPaginate(Model.java:511)
	at com.jfinal.plugin.activerecord.Model.paginate(Model.java:480)
	at com.xlerp.api.PlManagement.Service.PlpaichanjihuaService.paginate(PlpaichanjihuaService.java:32)
	at com.xlerp.api.PlManagement.Controller.PlpaichanjihuaController.getpage(PlpaichanjihuaController.java:38)
	at java.base/jdk.internal.reflect.NativeMethodAccessorImpl.invoke0(Native Method)
	at java.base/jdk.internal.reflect.NativeMethodAccessorImpl.invoke(NativeMethodAccessorImpl.java:77)
	at java.base/jdk.internal.reflect.DelegatingMethodAccessorImpl.invoke(DelegatingMethodAccessorImpl.java:43)
	at java.base/java.lang.reflect.Method.invoke(Method.java:568)
	at com.jfinal.aop.Invocation.invoke(Invocation.java:97)
	at com.xlerp.api.Common.HttpMethodInterceptor.intercept(HttpMethodInterceptor.java:36)
	at com.jfinal.aop.Invocation.invoke(Invocation.java:91)
	at com.xlerp.common.DemoConfig$CorsInterceptor.intercept(DemoConfig.java:171)
	at com.jfinal.aop.Invocation.invoke(Invocation.java:91)
	at com.jfinal.core.ActionHandler.handle(ActionHandler.java:88)
	at com.jfinal.core.JFinalFilter.doFilter(JFinalFilter.java:90)
	at io.undertow.servlet.core.ManagedFilter.doFilter(ManagedFilter.java:61)
	at io.undertow.servlet.handlers.FilterHandler$FilterChainImpl.doFilter(FilterHandler.java:131)
	at io.undertow.servlet.handlers.FilterHandler.handleRequest(FilterHandler.java:84)
	at io.undertow.servlet.handlers.security.ServletSecurityRoleHandler.handleRequest(ServletSecurityRoleHandler.java:62)
	at io.undertow.servlet.handlers.ServletChain$1.handleRequest(ServletChain.java:68)
	at io.undertow.servlet.handlers.ServletDispatchingHandler.handleRequest(ServletDispatchingHandler.java:36)
	at io.undertow.servlet.handlers.RedirectDirHandler.handleRequest(RedirectDirHandler.java:68)
	at io.undertow.servlet.handlers.security.SSLInformationAssociationHandler.handleRequest(SSLInformationAssociationHandler.java:117)
	at io.undertow.servlet.handlers.security.ServletAuthenticationCallHandler.handleRequest(ServletAuthenticationCallHandler.java:57)
	at io.undertow.server.handlers.PredicateHandler.handleRequest(PredicateHandler.java:43)
	at io.undertow.security.handlers.AbstractConfidentialityHandler.handleRequest(AbstractConfidentialityHandler.java:46)
	at io.undertow.servlet.handlers.security.ServletConfidentialityConstraintHandler.handleRequest(ServletConfidentialityConstraintHandler.java:64)
	at io.undertow.security.handlers.AuthenticationMechanismsHandler.handleRequest(AuthenticationMechanismsHandler.java:60)
	at io.undertow.servlet.handlers.security.CachedAuthenticatedSessionHandler.handleRequest(CachedAuthenticatedSessionHandler.java:77)
	at io.undertow.security.handlers.AbstractSecurityContextAssociationHandler.handleRequest(AbstractSecurityContextAssociationHandler.java:43)
	at io.undertow.server.handlers.PredicateHandler.handleRequest(PredicateHandler.java:43)
	at io.undertow.servlet.handlers.SendErrorPageHandler.handleRequest(SendErrorPageHandler.java:52)
	at io.undertow.server.handlers.PredicateHandler.handleRequest(PredicateHandler.java:43)
	at io.undertow.servlet.handlers.SessionRestoringHandler.handleRequest(SessionRestoringHandler.java:119)
	at io.undertow.servlet.handlers.ServletInitialHandler.handleFirstRequest(ServletInitialHandler.java:275)
	at io.undertow.servlet.handlers.ServletInitialHandler.access$100(ServletInitialHandler.java:79)
	at io.undertow.servlet.handlers.ServletInitialHandler$2.call(ServletInitialHandler.java:134)
	at io.undertow.servlet.handlers.ServletInitialHandler$2.call(ServletInitialHandler.java:131)
	at io.undertow.servlet.core.ServletRequestContextThreadSetupAction$1.call(ServletRequestContextThreadSetupAction.java:48)
	at io.undertow.servlet.core.ContextClassLoaderSetupAction$1.call(ContextClassLoaderSetupAction.java:43)
	at io.undertow.servlet.handlers.ServletInitialHandler.dispatchRequest(ServletInitialHandler.java:255)
	at io.undertow.servlet.handlers.ServletInitialHandler.access$000(ServletInitialHandler.java:79)
	at io.undertow.servlet.handlers.ServletInitialHandler$1.handleRequest(ServletInitialHandler.java:100)
	at io.undertow.server.Connectors.executeRootHandler(Connectors.java:387)
	at io.undertow.server.HttpServerExchange$1.run(HttpServerExchange.java:852)
	at org.jboss.threads.ContextClassLoaderSavingRunnable.run(ContextClassLoaderSavingRunnable.java:35)
	at org.jboss.threads.EnhancedQueueExecutor.safeRun(EnhancedQueueExecutor.java:2019)
	at org.jboss.threads.EnhancedQueueExecutor$ThreadBody.doRunTask(EnhancedQueueExecutor.java:1558)
	at org.jboss.threads.EnhancedQueueExecutor$ThreadBody.run(EnhancedQueueExecutor.java:1423)
	at org.xnio.XnioWorker$WorkerThreadFactory$1$1.run(XnioWorker.java:1280)
	at java.base/java.lang.Thread.run(Thread.java:833)
Caused by: dm.jdbc.driver.DMException: 第1 行附近出现错误:
无法解析的成员访问表达式[i.price]
	at dm.jdbc.driver.DBError.throwException(SourceFile:744)
	at dm.jdbc.a.a.y.r(SourceFile:623)
	at dm.jdbc.a.a.f.r(SourceFile:138)
	at dm.jdbc.a.a.y.z(SourceFile:555)
	at dm.jdbc.a.a.y.L(SourceFile:536)
	at dm.jdbc.a.a.a(SourceFile:267)
	at dm.jdbc.a.a.a(SourceFile:791)
	at dm.jdbc.driver.DmdbPreparedStatement.prepareSql(SourceFile:321)
	at dm.jdbc.driver.DmdbPreparedStatement.allocateHandle(SourceFile:246)
	at dm.jdbc.driver.DmdbPreparedStatement.<init>(SourceFile:148)
	at dm.jdbc.driver.DmdbPreparedStatement.<init>(SourceFile:198)
	at dm.jdbc.driver.DmdbConnection.do_prepareStatement(SourceFile:797)
	at dm.jdbc.driver.DmdbConnection.do_prepareStatement(SourceFile:790)
	at dm.jdbc.driver.DmdbConnection.prepareStatement(SourceFile:1733)
	at com.alibaba.druid.filter.FilterChainImpl.connection_prepareStatement(FilterChainImpl.java:474)
	at com.alibaba.druid.filter.FilterAdapter.connection_prepareStatement(FilterAdapter.java:941)
	at com.alibaba.druid.filter.FilterChainImpl.connection_prepareStatement(FilterChainImpl.java:471)
	at com.alibaba.druid.proxy.jdbc.ConnectionProxyImpl.prepareStatement(ConnectionProxyImpl.java:375)
	at com.alibaba.druid.pool.DruidPooledConnection.prepareStatement(DruidPooledConnection.java:384)
	at com.jfinal.plugin.activerecord.dialect.AnsiSqlDialect.takeOverModelPaginate(AnsiSqlDialect.java:335)
	at com.jfinal.plugin.activerecord.Model.doPaginateByFullSql(Model.java:522)
	at com.jfinal.plugin.activerecord.Model.doPaginate(Model.java:509)
	... 50 more

2025-07-19 22:14:06
[ERROR]-[Thread: XNIO-1 task-1]-[com.jfinal.core.ActionHandler.handle()]: com.xlerp.api.PlManagement.Controller.PlpaichanjihuaController.getpage() : /plpaichanjihua/getpage?planNo=&pageNumber=1&pageSize=10
com.jfinal.plugin.activerecord.ActiveRecordException: dm.jdbc.driver.DMException: 第1 行附近出现错误:
无法解析的成员访问表达式[ci.price]
	at com.jfinal.plugin.activerecord.Model.doPaginate(Model.java:511)
	at com.jfinal.plugin.activerecord.Model.paginate(Model.java:480)
	at com.xlerp.api.PlManagement.Service.PlpaichanjihuaService.paginate(PlpaichanjihuaService.java:33)
	at com.xlerp.api.PlManagement.Controller.PlpaichanjihuaController.getpage(PlpaichanjihuaController.java:38)
	at java.base/jdk.internal.reflect.NativeMethodAccessorImpl.invoke0(Native Method)
	at java.base/jdk.internal.reflect.NativeMethodAccessorImpl.invoke(NativeMethodAccessorImpl.java:77)
	at java.base/jdk.internal.reflect.DelegatingMethodAccessorImpl.invoke(DelegatingMethodAccessorImpl.java:43)
	at java.base/java.lang.reflect.Method.invoke(Method.java:568)
	at com.jfinal.aop.Invocation.invoke(Invocation.java:97)
	at com.xlerp.api.Common.HttpMethodInterceptor.intercept(HttpMethodInterceptor.java:36)
	at com.jfinal.aop.Invocation.invoke(Invocation.java:91)
	at com.xlerp.common.DemoConfig$CorsInterceptor.intercept(DemoConfig.java:171)
	at com.jfinal.aop.Invocation.invoke(Invocation.java:91)
	at com.jfinal.core.ActionHandler.handle(ActionHandler.java:88)
	at com.jfinal.core.JFinalFilter.doFilter(JFinalFilter.java:90)
	at io.undertow.servlet.core.ManagedFilter.doFilter(ManagedFilter.java:61)
	at io.undertow.servlet.handlers.FilterHandler$FilterChainImpl.doFilter(FilterHandler.java:131)
	at io.undertow.servlet.handlers.FilterHandler.handleRequest(FilterHandler.java:84)
	at io.undertow.servlet.handlers.security.ServletSecurityRoleHandler.handleRequest(ServletSecurityRoleHandler.java:62)
	at io.undertow.servlet.handlers.ServletChain$1.handleRequest(ServletChain.java:68)
	at io.undertow.servlet.handlers.ServletDispatchingHandler.handleRequest(ServletDispatchingHandler.java:36)
	at io.undertow.servlet.handlers.RedirectDirHandler.handleRequest(RedirectDirHandler.java:68)
	at io.undertow.servlet.handlers.security.SSLInformationAssociationHandler.handleRequest(SSLInformationAssociationHandler.java:117)
	at io.undertow.servlet.handlers.security.ServletAuthenticationCallHandler.handleRequest(ServletAuthenticationCallHandler.java:57)
	at io.undertow.server.handlers.PredicateHandler.handleRequest(PredicateHandler.java:43)
	at io.undertow.security.handlers.AbstractConfidentialityHandler.handleRequest(AbstractConfidentialityHandler.java:46)
	at io.undertow.servlet.handlers.security.ServletConfidentialityConstraintHandler.handleRequest(ServletConfidentialityConstraintHandler.java:64)
	at io.undertow.security.handlers.AuthenticationMechanismsHandler.handleRequest(AuthenticationMechanismsHandler.java:60)
	at io.undertow.servlet.handlers.security.CachedAuthenticatedSessionHandler.handleRequest(CachedAuthenticatedSessionHandler.java:77)
	at io.undertow.security.handlers.AbstractSecurityContextAssociationHandler.handleRequest(AbstractSecurityContextAssociationHandler.java:43)
	at io.undertow.server.handlers.PredicateHandler.handleRequest(PredicateHandler.java:43)
	at io.undertow.servlet.handlers.SendErrorPageHandler.handleRequest(SendErrorPageHandler.java:52)
	at io.undertow.server.handlers.PredicateHandler.handleRequest(PredicateHandler.java:43)
	at io.undertow.servlet.handlers.SessionRestoringHandler.handleRequest(SessionRestoringHandler.java:119)
	at io.undertow.servlet.handlers.ServletInitialHandler.handleFirstRequest(ServletInitialHandler.java:275)
	at io.undertow.servlet.handlers.ServletInitialHandler.access$100(ServletInitialHandler.java:79)
	at io.undertow.servlet.handlers.ServletInitialHandler$2.call(ServletInitialHandler.java:134)
	at io.undertow.servlet.handlers.ServletInitialHandler$2.call(ServletInitialHandler.java:131)
	at io.undertow.servlet.core.ServletRequestContextThreadSetupAction$1.call(ServletRequestContextThreadSetupAction.java:48)
	at io.undertow.servlet.core.ContextClassLoaderSetupAction$1.call(ContextClassLoaderSetupAction.java:43)
	at io.undertow.servlet.handlers.ServletInitialHandler.dispatchRequest(ServletInitialHandler.java:255)
	at io.undertow.servlet.handlers.ServletInitialHandler.access$000(ServletInitialHandler.java:79)
	at io.undertow.servlet.handlers.ServletInitialHandler$1.handleRequest(ServletInitialHandler.java:100)
	at io.undertow.server.Connectors.executeRootHandler(Connectors.java:387)
	at io.undertow.server.HttpServerExchange$1.run(HttpServerExchange.java:852)
	at org.jboss.threads.ContextClassLoaderSavingRunnable.run(ContextClassLoaderSavingRunnable.java:35)
	at org.jboss.threads.EnhancedQueueExecutor.safeRun(EnhancedQueueExecutor.java:2019)
	at org.jboss.threads.EnhancedQueueExecutor$ThreadBody.doRunTask(EnhancedQueueExecutor.java:1558)
	at org.jboss.threads.EnhancedQueueExecutor$ThreadBody.run(EnhancedQueueExecutor.java:1449)
	at org.xnio.XnioWorker$WorkerThreadFactory$1$1.run(XnioWorker.java:1280)
	at java.base/java.lang.Thread.run(Thread.java:833)
Caused by: dm.jdbc.driver.DMException: 第1 行附近出现错误:
无法解析的成员访问表达式[ci.price]
	at dm.jdbc.driver.DBError.throwException(SourceFile:744)
	at dm.jdbc.a.a.y.r(SourceFile:623)
	at dm.jdbc.a.a.f.r(SourceFile:138)
	at dm.jdbc.a.a.y.z(SourceFile:555)
	at dm.jdbc.a.a.y.L(SourceFile:536)
	at dm.jdbc.a.a.a(SourceFile:267)
	at dm.jdbc.a.a.a(SourceFile:791)
	at dm.jdbc.driver.DmdbPreparedStatement.prepareSql(SourceFile:321)
	at dm.jdbc.driver.DmdbPreparedStatement.allocateHandle(SourceFile:246)
	at dm.jdbc.driver.DmdbPreparedStatement.<init>(SourceFile:148)
	at dm.jdbc.driver.DmdbPreparedStatement.<init>(SourceFile:198)
	at dm.jdbc.driver.DmdbConnection.do_prepareStatement(SourceFile:797)
	at dm.jdbc.driver.DmdbConnection.do_prepareStatement(SourceFile:790)
	at dm.jdbc.driver.DmdbConnection.prepareStatement(SourceFile:1733)
	at com.alibaba.druid.filter.FilterChainImpl.connection_prepareStatement(FilterChainImpl.java:474)
	at com.alibaba.druid.filter.FilterAdapter.connection_prepareStatement(FilterAdapter.java:941)
	at com.alibaba.druid.filter.FilterChainImpl.connection_prepareStatement(FilterChainImpl.java:471)
	at com.alibaba.druid.proxy.jdbc.ConnectionProxyImpl.prepareStatement(ConnectionProxyImpl.java:375)
	at com.alibaba.druid.pool.DruidPooledConnection.prepareStatement(DruidPooledConnection.java:384)
	at com.jfinal.plugin.activerecord.dialect.AnsiSqlDialect.takeOverModelPaginate(AnsiSqlDialect.java:335)
	at com.jfinal.plugin.activerecord.Model.doPaginateByFullSql(Model.java:522)
	at com.jfinal.plugin.activerecord.Model.doPaginate(Model.java:509)
	... 50 more

2025-07-19 23:25:29
[ERROR]-[Thread: XNIO-1 task-1]-[com.jfinal.core.ActionHandler.handle()]: com.xlerp.api.PlManagement.Controller.PlinoutstoreController.getpage() : /plinoutstore/getpage?materialno=&materialname=&orderno=&isin=&pageNumber=1&pageSize=10&startDate=&endDate=
com.jfinal.plugin.activerecord.ActiveRecordException: dm.jdbc.driver.DMException: 第1 行附近出现错误:
无法解析的成员访问表达式[c.no]
	at com.jfinal.plugin.activerecord.Model.doPaginate(Model.java:511)
	at com.jfinal.plugin.activerecord.Model.paginate(Model.java:480)
	at com.xlerp.api.PlManagement.Service.PlinoutstoreService.paginate(PlinoutstoreService.java:44)
	at com.xlerp.api.PlManagement.Controller.PlinoutstoreController.getpage(PlinoutstoreController.java:41)
	at java.base/jdk.internal.reflect.NativeMethodAccessorImpl.invoke0(Native Method)
	at java.base/jdk.internal.reflect.NativeMethodAccessorImpl.invoke(NativeMethodAccessorImpl.java:77)
	at java.base/jdk.internal.reflect.DelegatingMethodAccessorImpl.invoke(DelegatingMethodAccessorImpl.java:43)
	at java.base/java.lang.reflect.Method.invoke(Method.java:568)
	at com.jfinal.aop.Invocation.invoke(Invocation.java:97)
	at com.xlerp.api.Common.HttpMethodInterceptor.intercept(HttpMethodInterceptor.java:36)
	at com.jfinal.aop.Invocation.invoke(Invocation.java:91)
	at com.xlerp.common.DemoConfig$CorsInterceptor.intercept(DemoConfig.java:171)
	at com.jfinal.aop.Invocation.invoke(Invocation.java:91)
	at com.jfinal.core.ActionHandler.handle(ActionHandler.java:88)
	at com.jfinal.core.JFinalFilter.doFilter(JFinalFilter.java:90)
	at io.undertow.servlet.core.ManagedFilter.doFilter(ManagedFilter.java:61)
	at io.undertow.servlet.handlers.FilterHandler$FilterChainImpl.doFilter(FilterHandler.java:131)
	at io.undertow.servlet.handlers.FilterHandler.handleRequest(FilterHandler.java:84)
	at io.undertow.servlet.handlers.security.ServletSecurityRoleHandler.handleRequest(ServletSecurityRoleHandler.java:62)
	at io.undertow.servlet.handlers.ServletChain$1.handleRequest(ServletChain.java:68)
	at io.undertow.servlet.handlers.ServletDispatchingHandler.handleRequest(ServletDispatchingHandler.java:36)
	at io.undertow.servlet.handlers.RedirectDirHandler.handleRequest(RedirectDirHandler.java:68)
	at io.undertow.servlet.handlers.security.SSLInformationAssociationHandler.handleRequest(SSLInformationAssociationHandler.java:117)
	at io.undertow.servlet.handlers.security.ServletAuthenticationCallHandler.handleRequest(ServletAuthenticationCallHandler.java:57)
	at io.undertow.server.handlers.PredicateHandler.handleRequest(PredicateHandler.java:43)
	at io.undertow.security.handlers.AbstractConfidentialityHandler.handleRequest(AbstractConfidentialityHandler.java:46)
	at io.undertow.servlet.handlers.security.ServletConfidentialityConstraintHandler.handleRequest(ServletConfidentialityConstraintHandler.java:64)
	at io.undertow.security.handlers.AuthenticationMechanismsHandler.handleRequest(AuthenticationMechanismsHandler.java:60)
	at io.undertow.servlet.handlers.security.CachedAuthenticatedSessionHandler.handleRequest(CachedAuthenticatedSessionHandler.java:77)
	at io.undertow.security.handlers.AbstractSecurityContextAssociationHandler.handleRequest(AbstractSecurityContextAssociationHandler.java:43)
	at io.undertow.server.handlers.PredicateHandler.handleRequest(PredicateHandler.java:43)
	at io.undertow.servlet.handlers.SendErrorPageHandler.handleRequest(SendErrorPageHandler.java:52)
	at io.undertow.server.handlers.PredicateHandler.handleRequest(PredicateHandler.java:43)
	at io.undertow.servlet.handlers.SessionRestoringHandler.handleRequest(SessionRestoringHandler.java:119)
	at io.undertow.servlet.handlers.ServletInitialHandler.handleFirstRequest(ServletInitialHandler.java:275)
	at io.undertow.servlet.handlers.ServletInitialHandler.access$100(ServletInitialHandler.java:79)
	at io.undertow.servlet.handlers.ServletInitialHandler$2.call(ServletInitialHandler.java:134)
	at io.undertow.servlet.handlers.ServletInitialHandler$2.call(ServletInitialHandler.java:131)
	at io.undertow.servlet.core.ServletRequestContextThreadSetupAction$1.call(ServletRequestContextThreadSetupAction.java:48)
	at io.undertow.servlet.core.ContextClassLoaderSetupAction$1.call(ContextClassLoaderSetupAction.java:43)
	at io.undertow.servlet.handlers.ServletInitialHandler.dispatchRequest(ServletInitialHandler.java:255)
	at io.undertow.servlet.handlers.ServletInitialHandler.access$000(ServletInitialHandler.java:79)
	at io.undertow.servlet.handlers.ServletInitialHandler$1.handleRequest(ServletInitialHandler.java:100)
	at io.undertow.server.Connectors.executeRootHandler(Connectors.java:387)
	at io.undertow.server.HttpServerExchange$1.run(HttpServerExchange.java:852)
	at org.jboss.threads.ContextClassLoaderSavingRunnable.run(ContextClassLoaderSavingRunnable.java:35)
	at org.jboss.threads.EnhancedQueueExecutor.safeRun(EnhancedQueueExecutor.java:2019)
	at org.jboss.threads.EnhancedQueueExecutor$ThreadBody.doRunTask(EnhancedQueueExecutor.java:1558)
	at org.jboss.threads.EnhancedQueueExecutor$ThreadBody.run(EnhancedQueueExecutor.java:1423)
	at org.xnio.XnioWorker$WorkerThreadFactory$1$1.run(XnioWorker.java:1280)
	at java.base/java.lang.Thread.run(Thread.java:833)
Caused by: dm.jdbc.driver.DMException: 第1 行附近出现错误:
无法解析的成员访问表达式[c.no]
	at dm.jdbc.driver.DBError.throwException(SourceFile:744)
	at dm.jdbc.a.a.y.r(SourceFile:623)
	at dm.jdbc.a.a.f.r(SourceFile:138)
	at dm.jdbc.a.a.y.z(SourceFile:555)
	at dm.jdbc.a.a.y.L(SourceFile:536)
	at dm.jdbc.a.a.a(SourceFile:267)
	at dm.jdbc.a.a.a(SourceFile:791)
	at dm.jdbc.driver.DmdbPreparedStatement.prepareSql(SourceFile:321)
	at dm.jdbc.driver.DmdbPreparedStatement.allocateHandle(SourceFile:246)
	at dm.jdbc.driver.DmdbPreparedStatement.<init>(SourceFile:148)
	at dm.jdbc.driver.DmdbPreparedStatement.<init>(SourceFile:198)
	at dm.jdbc.driver.DmdbConnection.do_prepareStatement(SourceFile:797)
	at dm.jdbc.driver.DmdbConnection.do_prepareStatement(SourceFile:783)
	at dm.jdbc.driver.DmdbConnection.prepareStatement(SourceFile:1426)
	at com.alibaba.druid.filter.FilterChainImpl.connection_prepareStatement(FilterChainImpl.java:451)
	at com.alibaba.druid.filter.FilterAdapter.connection_prepareStatement(FilterAdapter.java:928)
	at com.alibaba.druid.filter.FilterChainImpl.connection_prepareStatement(FilterChainImpl.java:448)
	at com.alibaba.druid.proxy.jdbc.ConnectionProxyImpl.prepareStatement(ConnectionProxyImpl.java:342)
	at com.alibaba.druid.pool.DruidPooledConnection.prepareStatement(DruidPooledConnection.java:346)
	at com.jfinal.plugin.activerecord.DbPro.query(DbPro.java:72)
	at com.jfinal.plugin.activerecord.Db.query(Db.java:75)
	at com.jfinal.plugin.activerecord.CPI.query(CPI.java:68)
	at com.jfinal.plugin.activerecord.dialect.AnsiSqlDialect.takeOverModelPaginate(AnsiSqlDialect.java:308)
	at com.jfinal.plugin.activerecord.Model.doPaginateByFullSql(Model.java:522)
	at com.jfinal.plugin.activerecord.Model.doPaginate(Model.java:509)
	... 50 more
